[2026-07-11T12:38:44.286Z] GET http://localhost:4173/ → 200 (14ms, 2617B)
[2026-07-11T12:38:44.307Z] GET https://cdn.jsdelivr.net/gh/orioncactus/pretendard@v1.3.9/dist/web/variable/pretendardvariable-dynamic-subset.min.css → 200 (64ms, 53513B)
[2026-07-11T12:38:44.307Z] GET https://hangeul.pstatic.net/hangeul_static/css/maru-buri.css → 200 (60ms, 2952B)
[2026-07-11T12:38:44.307Z] GET https://fonts.googleapis.com/css2?family=Instrument+Serif:ital@0;1&display=swap → pending (?ms, ?B)
[2026-07-11T12:38:44.307Z] GET http://localhost:4173/assets/index-CaTzrixt.js → 200 (13ms, 293262B)
[2026-07-11T12:38:44.307Z] GET http://localhost:4173/assets/index-BgoVMjDD.css → 200 (5ms, 27862B)
[2026-07-11T12:38:44.592Z] GET http://localhost:4173/media/studio-hall.jpg → 200 (65ms, 620702B)
[2026-07-11T12:38:44.655Z] GET https://hangeul.pstatic.net/hangeul_static/webfont/MaruBuri/MaruBuri-Regular.woff2 → 200 (108ms, 433776B)
[2026-07-11T12:38:44.655Z] GET https://cdn.jsdelivr.net/gh/orioncactus/pretendard@v1.3.9/packages/pretendard/dist/web/variable/woff2-dynamic-subset/PretendardVariable.subset.90.woff2 → 200 (57ms, 20852B)
[2026-07-11T12:38:44.655Z] GET https://cdn.jsdelivr.net/gh/orioncactus/pretendard@v1.3.9/packages/pretendard/dist/web/variable/woff2-dynamic-subset/PretendardVariable.subset.91.woff2 → 200 (69ms, 37996B)
[2026-07-11T12:38:44.655Z] GET https://fonts.gstatic.com/s/instrumentserif/v5/jizHRFtNs2ka5fXjeivQ4LroWlx-6zAjjH7Motmp5g.woff2 → 200 (257ms, 15684B)
[2026-07-11T12:38:44.655Z] GET https://cdn.jsdelivr.net/gh/orioncactus/pretendard@v1.3.9/packages/pretendard/dist/web/variable/woff2-dynamic-subset/PretendardVariable.subset.89.woff2 → 200 (70ms, 21864B)
[2026-07-11T12:38:44.655Z] GET https://cdn.jsdelivr.net/gh/orioncactus/pretendard@v1.3.9/packages/pretendard/dist/web/variable/woff2-dynamic-subset/PretendardVariable.subset.88.woff2 → 200 (70ms, 25640B)
[2026-07-11T12:38:44.655Z] GET https://cdn.jsdelivr.net/gh/orioncactus/pretendard@v1.3.9/packages/pretendard/dist/web/variable/woff2-dynamic-subset/PretendardVariable.subset.87.woff2 → 200 (70ms, 24664B)
[2026-07-11T12:38:44.655Z] GET https://cdn.jsdelivr.net/gh/orioncactus/pretendard@v1.3.9/packages/pretendard/dist/web/variable/woff2-dynamic-subset/PretendardVariable.subset.85.woff2 → 200 (70ms, 25104B)
[2026-07-11T12:38:44.655Z] GET https://cdn.jsdelivr.net/gh/orioncactus/pretendard@v1.3.9/packages/pretendard/dist/web/variable/woff2-dynamic-subset/PretendardVariable.subset.23.woff2 → 200 (73ms, 40284B)
[2026-07-11T12:38:44.656Z] GET https://cdn.jsdelivr.net/gh/orioncactus/pretendard@v1.3.9/packages/pretendard/dist/web/variable/woff2-dynamic-subset/PretendardVariable.subset.86.woff2 → 200 (73ms, 25716B)
[2026-07-11T12:38:44.656Z] GET https://cdn.jsdelivr.net/gh/orioncactus/pretendard@v1.3.9/packages/pretendard/dist/web/variable/woff2-dynamic-subset/PretendardVariable.subset.79.woff2 → 200 (73ms, 26224B)
[2026-07-11T12:38:44.656Z] GET https://cdn.jsdelivr.net/gh/orioncactus/pretendard@v1.3.9/packages/pretendard/dist/web/variable/woff2-dynamic-subset/PretendardVariable.subset.84.woff2 → 200 (74ms, 24492B)
[2026-07-11T12:38:44.656Z] GET https://cdn.jsdelivr.net/gh/orioncactus/pretendard@v1.3.9/packages/pretendard/dist/web/variable/woff2-dynamic-subset/PretendardVariable.subset.83.woff2 → 200 (90ms, 26964B)
[2026-07-11T12:38:44.656Z] GET https://cdn.jsdelivr.net/gh/orioncactus/pretendard@v1.3.9/packages/pretendard/dist/web/variable/woff2-dynamic-subset/PretendardVariable.subset.81.woff2 → 200 (90ms, 26300B)
[2026-07-11T12:38:44.656Z] GET https://cdn.jsdelivr.net/gh/orioncactus/pretendard@v1.3.9/packages/pretendard/dist/web/variable/woff2-dynamic-subset/PretendardVariable.subset.82.woff2 → 200 (90ms, 26500B)
[2026-07-11T12:38:44.656Z] GET https://cdn.jsdelivr.net/gh/orioncactus/pretendard@v1.3.9/packages/pretendard/dist/web/variable/woff2-dynamic-subset/PretendardVariable.subset.80.woff2 → 200 (90ms, 28796B)
[2026-07-11T12:38:47.467Z] GET http://localhost:4173/media/arch-locker.jpg → 200 (1ms, 238492B)
[2026-07-11T12:40:25.164Z] GET http://localhost:4173/ → 200 (5ms, 2617B)
[2026-07-11T12:40:25.206Z] GET https://cdn.jsdelivr.net/gh/orioncactus/pretendard@v1.3.9/dist/web/variable/pretendardvariable-dynamic-subset.min.css → 200 (1ms, 53513B)
[2026-07-11T12:40:25.211Z] GET https://hangeul.pstatic.net/hangeul_static/css/maru-buri.css → 200 (1ms, 2952B)
[2026-07-11T12:40:25.222Z] GET https://fonts.googleapis.com/css2?family=Instrument+Serif:ital@0;1&display=swap → 200 (?ms, 1815B)
[2026-07-11T12:40:25.228Z] GET http://localhost:4173/assets/index-CS5Zsfcb.js → 200 (65ms, 293390B)
[2026-07-11T12:40:25.229Z] GET http://localhost:4173/assets/index-D9JJ_MEc.css → 200 (20ms, 30660B)
[2026-07-11T12:40:25.250Z] GET https://cdn.jsdelivr.net/gh/orioncactus/pretendard@v1.3.9/packages/pretendard/dist/web/variable/woff2-dynamic-subset/PretendardVariable.subset.23.woff2 → 200 (?ms, ?B)
[2026-07-11T12:40:25.273Z] GET https://cdn.jsdelivr.net/gh/orioncactus/pretendard@v1.3.9/packages/pretendard/dist/web/variable/woff2-dynamic-subset/PretendardVariable.subset.79.woff2 → 200 (?ms, ?B)
[2026-07-11T12:40:25.273Z] GET https://cdn.jsdelivr.net/gh/orioncactus/pretendard@v1.3.9/packages/pretendard/dist/web/variable/woff2-dynamic-subset/PretendardVariable.subset.80.woff2 → 200 (?ms, ?B)
[2026-07-11T12:40:25.279Z] GET https://cdn.jsdelivr.net/gh/orioncactus/pretendard@v1.3.9/packages/pretendard/dist/web/variable/woff2-dynamic-subset/PretendardVariable.subset.81.woff2 → 200 (?ms, ?B)
[2026-07-11T12:40:25.279Z] GET https://cdn.jsdelivr.net/gh/orioncactus/pretendard@v1.3.9/packages/pretendard/dist/web/variable/woff2-dynamic-subset/PretendardVariable.subset.82.woff2 → 200 (?ms, ?B)
[2026-07-11T12:40:25.280Z] GET https://cdn.jsdelivr.net/gh/orioncactus/pretendard@v1.3.9/packages/pretendard/dist/web/variable/woff2-dynamic-subset/PretendardVariable.subset.83.woff2 → 200 (?ms, ?B)
[2026-07-11T12:40:25.281Z] GET https://cdn.jsdelivr.net/gh/orioncactus/pretendard@v1.3.9/packages/pretendard/dist/web/variable/woff2-dynamic-subset/PretendardVariable.subset.84.woff2 → 200 (?ms, ?B)
[2026-07-11T12:40:25.282Z] GET https://cdn.jsdelivr.net/gh/orioncactus/pretendard@v1.3.9/packages/pretendard/dist/web/variable/woff2-dynamic-subset/PretendardVariable.subset.85.woff2 → 200 (?ms, ?B)
[2026-07-11T12:40:25.282Z] GET https://cdn.jsdelivr.net/gh/orioncactus/pretendard@v1.3.9/packages/pretendard/dist/web/variable/woff2-dynamic-subset/PretendardVariable.subset.86.woff2 → 200 (6ms, ?B)
[2026-07-11T12:40:25.289Z] GET https://cdn.jsdelivr.net/gh/orioncactus/pretendard@v1.3.9/packages/pretendard/dist/web/variable/woff2-dynamic-subset/PretendardVariable.subset.87.woff2 → 200 (?ms, ?B)
[2026-07-11T12:40:25.289Z] GET https://cdn.jsdelivr.net/gh/orioncactus/pretendard@v1.3.9/packages/pretendard/dist/web/variable/woff2-dynamic-subset/PretendardVariable.subset.88.woff2 → 200 (2ms, ?B)
[2026-07-11T12:40:25.291Z] GET https://cdn.jsdelivr.net/gh/orioncactus/pretendard@v1.3.9/packages/pretendard/dist/web/variable/woff2-dynamic-subset/PretendardVariable.subset.89.woff2 → 200 (?ms, ?B)
[2026-07-11T12:40:25.291Z] GET https://cdn.jsdelivr.net/gh/orioncactus/pretendard@v1.3.9/packages/pretendard/dist/web/variable/woff2-dynamic-subset/PretendardVariable.subset.90.woff2 → 200 (1ms, ?B)
[2026-07-11T12:40:25.292Z] GET https://cdn.jsdelivr.net/gh/orioncactus/pretendard@v1.3.9/packages/pretendard/dist/web/variable/woff2-dynamic-subset/PretendardVariable.subset.91.woff2 → 200 (?ms, ?B)
[2026-07-11T12:40:25.292Z] GET https://hangeul.pstatic.net/hangeul_static/webfont/MaruBuri/MaruBuri-Regular.woff2 → 200 (?ms, ?B)
[2026-07-11T12:40:25.293Z] GET https://fonts.gstatic.com/s/instrumentserif/v5/jizHRFtNs2ka5fXjeivQ4LroWlx-6zAjjH7Motmp5g.woff2 → 200 (?ms, ?B)
[2026-07-11T12:40:25.294Z] GET http://localhost:4173/media/studio-hall.jpg → 200 (6ms, 620702B)
[2026-07-11T12:40:25.299Z] GET http://localhost:4173/media/arch-locker.jpg → 200 (1ms, 238492B)
